// Vitest Snapshot v1, https://vitest.dev/guide/snapshot.html

exports[`Button Snapshot > —Ä–µ–Ω–¥–µ—Ä–∏—Ç—Å—è –≤ disabled —Å–æ—Å—Ç–æ—è–Ω–∏–∏ 1`] = `
<div>
  <button
    class="inline-flex items-center justify-center rounded-md font-medium transition-colors focus-visible:outline-none focus-visible:ring-2 focus-visible:ring-ring focus-visible:ring-offset-2 disabled:pointer-events-none disabled:opacity-50 bg-primary text-primary-foreground hover:bg-primary/90 h-10 px-4 py-2"
    disabled=""
  >
    Disabled
  </button>
</div>
`;

exports[`Button Snapshot > —Ä–µ–Ω–¥–µ—Ä–∏—Ç—Å—è –≤ loading —Å–æ—Å—Ç–æ—è–Ω–∏–∏ 1`] = `
<div>
  <button
    class="inline-flex items-center justify-center rounded-md font-medium transition-colors focus-visible:outline-none focus-visible:ring-2 focus-visible:ring-ring focus-visible:ring-offset-2 disabled:pointer-events-none disabled:opacity-50 bg-primary text-primary-foreground hover:bg-primary/90 h-10 px-4 py-2"
    disabled=""
  >
    <svg
      class="mr-2 h-4 w-4 animate-spin"
      fill="none"
      viewBox="0 0 24 24"
      xmlns="http://www.w3.org/2000/svg"
    >
      <circle
        class="opacity-25"
        cx="12"
        cy="12"
        r="10"
        stroke="currentColor"
        stroke-width="4"
      />
      <path
        class="opacity-75"
        d="M4 12a8 8 0 018-8V0C5.373 0 0 5.373 0 12h4zm2 5.291A7.962 7.962 0 014 12H0c0 3.042 1.135 5.824 3 7.938l3-2.647z"
        fill="currentColor"
      />
    </svg>
    Loading
  </button>
</div>
`;

exports[`Button Snapshot > —Ä–µ–Ω–¥–µ—Ä–∏—Ç—Å—è —Å size lg 1`] = `
<div>
  <button
    class="inline-flex items-center justify-center rounded-md font-medium transition-colors focus-visible:outline-none focus-visible:ring-2 focus-visible:ring-ring focus-visible:ring-offset-2 disabled:pointer-events-none disabled:opacity-50 bg-primary text-primary-foreground hover:bg-primary/90 h-12 px-8 text-lg"
  >
    Large
  </button>
</div>
`;

exports[`Button Snapshot > —Ä–µ–Ω–¥–µ—Ä–∏—Ç—Å—è —Å size sm 1`] = `
<div>
  <button
    class="inline-flex items-center justify-center rounded-md font-medium transition-colors focus-visible:outline-none focus-visible:ring-2 focus-visible:ring-ring focus-visible:ring-offset-2 disabled:pointer-events-none disabled:opacity-50 bg-primary text-primary-foreground hover:bg-primary/90 h-8 px-3 text-xs"
  >
    Small
  </button>
</div>
`;

exports[`Button Snapshot > —Ä–µ–Ω–¥–µ—Ä–∏—Ç—Å—è —Å variant ghost 1`] = `
<div>
  <button
    class="inline-flex items-center justify-center rounded-md font-medium transition-colors focus-visible:outline-none focus-visible:ring-2 focus-visible:ring-ring focus-visible:ring-offset-2 disabled:pointer-events-none disabled:opacity-50 hover:bg-accent hover:text-accent-foreground h-10 px-4 py-2"
  >
    Ghost
  </button>
</div>
`;

exports[`Button Snapshot > —Ä–µ–Ω–¥–µ—Ä–∏—Ç—Å—è —Å variant outline 1`] = `
<div>
  <button
    class="inline-flex items-center justify-center rounded-md font-medium transition-colors focus-visible:outline-none focus-visible:ring-2 focus-visible:ring-ring focus-visible:ring-offset-2 disabled:pointer-events-none disabled:opacity-50 border border-input bg-background hover:bg-accent hover:text-accent-foreground h-10 px-4 py-2"
  >
    Outline
  </button>
</div>
`;

exports[`Button Snapshot > —Ä–µ–Ω–¥–µ—Ä–∏—Ç—Å—è —Å variant primary 1`] = `
<div>
  <button
    class="inline-flex items-center justify-center rounded-md font-medium transition-colors focus-visible:outline-none focus-visible:ring-2 focus-visible:ring-ring focus-visible:ring-offset-2 disabled:pointer-events-none disabled:opacity-50 bg-primary text-primary-foreground hover:bg-primary/90 h-10 px-4 py-2"
  >
    Primary
  </button>
</div>
`;

exports[`Button Snapshot > —Ä–µ–Ω–¥–µ—Ä–∏—Ç—Å—è —Å variant secondary 1`] = `
<div>
  <button
    class="inline-flex items-center justify-center rounded-md font-medium transition-colors focus-visible:outline-none focus-visible:ring-2 focus-visible:ring-ring focus-visible:ring-offset-2 disabled:pointer-events-none disabled:opacity-50 bg-secondary text-secondary-foreground hover:bg-secondary/80 h-10 px-4 py-2"
  >
    Secondary
  </button>
</div>
`;

exports[`Button Snapshot > —Ä–µ–Ω–¥–µ—Ä–∏—Ç—Å—è —Å –∏–∫–æ–Ω–∫–æ–π 1`] = `
<div>
  <button
    class="inline-flex items-center justify-center rounded-md font-medium transition-colors focus-visible:outline-none focus-visible:ring-2 focus-visible:ring-ring focus-visible:ring-offset-2 disabled:pointer-events-none disabled:opacity-50 bg-primary text-primary-foreground hover:bg-primary/90 h-10 px-4 py-2"
  >
    <span
      class="mr-2"
    >
      <span>
        üîç
      </span>
    </span>
    Search
  </button>
</div>
`;

exports[`Button Snapshot > —Ä–µ–Ω–¥–µ—Ä–∏—Ç—Å—è —Å —Ç–µ–∫—Å—Ç–æ–º 1`] = `
<div>
  <button
    class="inline-flex items-center justify-center rounded-md font-medium transition-colors focus-visible:outline-none focus-visible:ring-2 focus-visible:ring-ring focus-visible:ring-offset-2 disabled:pointer-events-none disabled:opacity-50 bg-primary text-primary-foreground hover:bg-primary/90 h-10 px-4 py-2"
  >
    Click me
  </button>
</div>
`;
